ARM Linker, 5.03 [Build 76] [MDK-ARM Lite]

==============================================================================

Section Cross References

    startup_tm4c123.o(STACK) refers (Special) to heapauxi.o(.text) for __use_two_region_memory
    startup_tm4c123.o(HEAP) refers (Special) to heapauxi.o(.text) for __use_two_region_memory
    startup_tm4c123.o(RESET) refers (Special) to heapauxi.o(.text) for __use_two_region_memory
    startup_tm4c123.o(RESET) refers to startup_tm4c123.o(STACK) for StackMem
    startup_tm4c123.o(RESET) refers to __main.o(!!!main) for __main
    startup_tm4c123.o(.text) refers (Special) to heapauxi.o(.text) for __use_two_region_memory
    startup_tm4c123.o(.text) refers to startup_tm4c123.o(HEAP) for HeapMem
    startup_tm4c123.o(.text) refers to startup_tm4c123.o(STACK) for StackMem
    voicecontrolledcar.o(.text) refers to rt_memclr.o(.text) for __aeabi_memclr
    voicecontrolledcar.o(.text) refers to voicecontrolledcar.o(.data) for time
    voicecontrolledcar.o(.text) refers to voicecontrolledcar.o(.bss) for uart_buffer
    voicecontrolledcar.o(.text) refers to strcmpv7m.o(.text) for strcmp
    rt_memclr.o(.text) refers to rt_memclr_w.o(.text) for _memset_w
    __main.o(!!!main) refers to rtentry.o(.ARM.Collect$$rtentry$$00000000) for __rt_entry
    rtentry.o(.ARM.Collect$$rtentry$$00000000) refers (Special) to rtentry2.o(.ARM.Collect$$rtentry$$0000000A) for __rt_entry_li
    rtentry.o(.ARM.Collect$$rtentry$$00000000) refers (Special) to rtentry2.o(.ARM.Collect$$rtentry$$0000000D) for __rt_entry_main
    rtentry.o(.ARM.Collect$$rtentry$$00000000) refers (Special) to rtentry2.o(.ARM.Collect$$rtentry$$0000000C) for __rt_entry_postli_1
    rtentry.o(.ARM.Collect$$rtentry$$00000000) refers (Special) to rtentry2.o(.ARM.Collect$$rtentry$$00000009) for __rt_entry_postsh_1
    rtentry.o(.ARM.Collect$$rtentry$$00000000) refers (Special) to rtentry2.o(.ARM.Collect$$rtentry$$00000002) for __rt_entry_presh_1
    rtentry.o(.ARM.Collect$$rtentry$$00000000) refers (Special) to rtentry4.o(.ARM.Collect$$rtentry$$00000004) for __rt_entry_sh
    rtentry2.o(.ARM.Collect$$rtentry$$00000008) refers to boardinit2.o(.text) for _platform_post_stackheap_init
    rtentry2.o(.ARM.Collect$$rtentry$$0000000A) refers to libinit.o(.ARM.Collect$$libinit$$00000000) for __rt_lib_init
    rtentry2.o(.ARM.Collect$$rtentry$$0000000B) refers to boardinit3.o(.text) for _platform_post_lib_init
    rtentry2.o(.ARM.Collect$$rtentry$$0000000D) refers to voicecontrolledcar.o(.text) for main
    rtentry2.o(.ARM.Collect$$rtentry$$0000000D) refers to exit.o(.text) for exit
    rtentry2.o(.ARM.exidx) refers to rtentry2.o(.ARM.Collect$$rtentry$$00000001) for .ARM.Collect$$rtentry$$00000001
    rtentry2.o(.ARM.exidx) refers to rtentry2.o(.ARM.Collect$$rtentry$$00000008) for .ARM.Collect$$rtentry$$00000008
    rtentry2.o(.ARM.exidx) refers to rtentry2.o(.ARM.Collect$$rtentry$$0000000A) for .ARM.Collect$$rtentry$$0000000A
    rtentry2.o(.ARM.exidx) refers to rtentry2.o(.ARM.Collect$$rtentry$$0000000B) for .ARM.Collect$$rtentry$$0000000B
    rtentry2.o(.ARM.exidx) refers to rtentry2.o(.ARM.Collect$$rtentry$$0000000D) for .ARM.Collect$$rtentry$$0000000D
    rtentry4.o(.ARM.Collect$$rtentry$$00000004) refers to sys_stackheap_outer.o(.text) for __user_setup_stackheap
    rtentry4.o(.ARM.exidx) refers to rtentry4.o(.ARM.Collect$$rtentry$$00000004) for .ARM.Collect$$rtentry$$00000004
    sys_stackheap_outer.o(.text) refers to libspace.o(.text) for __user_perproc_libspace
    sys_stackheap_outer.o(.text) refers to startup_tm4c123.o(.text) for __user_initial_stackheap
    exit.o(.text) refers to rtexit.o(.ARM.Collect$$rtexit$$00000000) for __rt_exit
    libinit.o(.ARM.Collect$$libinit$$00000000) refers (Special) to libinit2.o(.ARM.Collect$$libinit$$0000002C) for __rt_lib_init_alloca_1
    libinit.o(.ARM.Collect$$libinit$$00000000) refers (Special) to libinit2.o(.ARM.Collect$$libinit$$0000002A) for __rt_lib_init_argv_1
    libinit.o(.ARM.Collect$$libinit$$00000000) refers (Special) to libinit2.o(.ARM.Collect$$libinit$$00000019) for __rt_lib_init_atexit_1
    libinit.o(.ARM.Collect$$libinit$$00000000) refers (Special) to libinit2.o(.ARM.Collect$$libinit$$0000001F) for __rt_lib_init_clock_1
    libinit.o(.ARM.Collect$$libinit$$00000000) refers (Special) to libinit2.o(.ARM.Collect$$libinit$$00000030) for __rt_lib_init_cpp_1
    libinit.o(.ARM.Collect$$libinit$$00000000) refers (Special) to libinit2.o(.ARM.Collect$$libinit$$0000002E) for __rt_lib_init_exceptions_1
    libinit.o(.ARM.Collect$$libinit$$00000000) refers (Special) to libinit2.o(.ARM.Collect$$libinit$$00000001) for __rt_lib_init_fp_1
    libinit.o(.ARM.Collect$$libinit$$00000000) refers (Special) to libinit2.o(.ARM.Collect$$libinit$$0000001D) for __rt_lib_init_fp_trap_1
    libinit.o(.ARM.Collect$$libinit$$00000000) refers (Special) to libinit2.o(.ARM.Collect$$libinit$$00000021) for __rt_lib_init_getenv_1
    libinit.o(.ARM.Collect$$libinit$$00000000) refers (Special) to libinit2.o(.ARM.Collect$$libinit$$00000008) for __rt_lib_init_heap_1
    libinit.o(.ARM.Collect$$libinit$$00000000) refers (Special) to libinit2.o(.ARM.Collect$$libinit$$0000000F) for __rt_lib_init_lc_collate_1
    libinit.o(.ARM.Collect$$libinit$$00000000) refers (Special) to libinit2.o(.ARM.Collect$$libinit$$00000011) for __rt_lib_init_lc_ctype_1
    libinit.o(.ARM.Collect$$libinit$$00000000) refers (Special) to libinit2.o(.ARM.Collect$$libinit$$00000013) for __rt_lib_init_lc_monetary_1
    libinit.o(.ARM.Collect$$libinit$$00000000) refers (Special) to libinit2.o(.ARM.Collect$$libinit$$00000015) for __rt_lib_init_lc_numeric_1
    libinit.o(.ARM.Collect$$libinit$$00000000) refers (Special) to libinit2.o(.ARM.Collect$$libinit$$00000017) for __rt_lib_init_lc_time_1
    libinit.o(.ARM.Collect$$libinit$$00000000) refers (Special) to libinit2.o(.ARM.Collect$$libinit$$0000000C) for __rt_lib_init_rand_1
    libinit.o(.ARM.Collect$$libinit$$00000000) refers (Special) to libinit2.o(.ARM.Collect$$libinit$$00000031) for __rt_lib_init_return
    libinit.o(.ARM.Collect$$libinit$$00000000) refers (Special) to libinit2.o(.ARM.Collect$$libinit$$0000001B) for __rt_lib_init_signal_1
    libinit.o(.ARM.Collect$$libinit$$00000000) refers (Special) to libinit2.o(.ARM.Collect$$libinit$$00000023) for __rt_lib_init_stdio_1
    libinit.o(.ARM.Collect$$libinit$$00000000) refers (Special) to libinit2.o(.ARM.Collect$$libinit$$0000000A) for __rt_lib_init_user_alloc_1
    libspace.o(.text) refers to libspace.o(.bss) for __libspace_start
    rtexit.o(.ARM.Collect$$rtexit$$00000000) refers (Special) to rtexit2.o(.ARM.Collect$$rtexit$$00000004) for __rt_exit_exit
    rtexit.o(.ARM.Collect$$rtexit$$00000000) refers (Special) to rtexit2.o(.ARM.Collect$$rtexit$$00000003) for __rt_exit_ls
    rtexit.o(.ARM.Collect$$rtexit$$00000000) refers (Special) to rtexit2.o(.ARM.Collect$$rtexit$$00000002) for __rt_exit_prels_1
    rtexit.o(.ARM.exidx) refers (Special) to rtexit2.o(.ARM.Collect$$rtexit$$00000004) for __rt_exit_exit
    rtexit.o(.ARM.exidx) refers (Special) to rtexit2.o(.ARM.Collect$$rtexit$$00000003) for __rt_exit_ls
    rtexit.o(.ARM.exidx) refers (Special) to rtexit2.o(.ARM.Collect$$rtexit$$00000002) for __rt_exit_prels_1
    rtexit.o(.ARM.exidx) refers to rtexit.o(.ARM.Collect$$rtexit$$00000000) for .ARM.Collect$$rtexit$$00000000
    libinit2.o(.ARM.Collect$$libinit$$00000001) refers to fpinit.o(x$fpl$fpinit) for _fp_init
    libinit2.o(.ARM.Collect$$libinit$$0000000E) refers to libinit2.o(.ARM.Collect$$libinit$$0000000D) for .ARM.Collect$$libinit$$0000000D
    libinit2.o(.ARM.Collect$$libinit$$00000010) refers to libinit2.o(.ARM.Collect$$libinit$$0000000D) for .ARM.Collect$$libinit$$0000000D
    libinit2.o(.ARM.Collect$$libinit$$00000012) refers to libinit2.o(.ARM.Collect$$libinit$$0000000D) for .ARM.Collect$$libinit$$0000000D
    libinit2.o(.ARM.Collect$$libinit$$00000014) refers to libinit2.o(.ARM.Collect$$libinit$$0000000D) for .ARM.Collect$$libinit$$0000000D
    libinit2.o(.ARM.Collect$$libinit$$00000016) refers to libinit2.o(.ARM.Collect$$libinit$$0000000D) for .ARM.Collect$$libinit$$0000000D
    libinit2.o(.ARM.Collect$$libinit$$00000024) refers to argv_veneer.o(.emb_text) for __ARM_argv_veneer
    libinit2.o(.ARM.Collect$$libinit$$00000025) refers to argv_veneer.o(.emb_text) for __ARM_argv_veneer
    rtexit2.o(.ARM.Collect$$rtexit$$00000003) refers to libshutdown.o(.ARM.Collect$$libshutdown$$00000000) for __rt_lib_shutdown
    rtexit2.o(.ARM.Collect$$rtexit$$00000004) refers to sys_exit.o(.text) for _sys_exit
    rtexit2.o(.ARM.exidx) refers to rtexit2.o(.ARM.Collect$$rtexit$$00000001) for .ARM.Collect$$rtexit$$00000001
    rtexit2.o(.ARM.exidx) refers to rtexit2.o(.ARM.Collect$$rtexit$$00000003) for .ARM.Collect$$rtexit$$00000003
    rtexit2.o(.ARM.exidx) refers to rtexit2.o(.ARM.Collect$$rtexit$$00000004) for .ARM.Collect$$rtexit$$00000004
    argv_veneer.o(.emb_text) refers to no_argv.o(.text) for __ARM_get_argv
    sys_exit.o(.text) refers (Special) to use_no_semi.o(.text) for __I$use$semihosting
    sys_exit.o(.text) refers (Special) to indicate_semi.o(.text) for __semihosting_library_function
    _get_argv_nomalloc.o(.text) refers (Special) to hrguard.o(.text) for __heap_region$guard
    _get_argv_nomalloc.o(.text) refers to defsig_rtmem_outer.o(.text) for __rt_SIGRTMEM
    _get_argv_nomalloc.o(.text) refers to sys_command.o(.text) for _sys_command_string
    libshutdown.o(.ARM.Collect$$libshutdown$$00000000) refers (Special) to libshutdown2.o(.ARM.Collect$$libshutdown$$00000006) for __rt_lib_shutdown_fp_trap_1
    libshutdown.o(.ARM.Collect$$libshutdown$$00000000) refers (Special) to libshutdown2.o(.ARM.Collect$$libshutdown$$0000000E) for __rt_lib_shutdown_heap_1
    libshutdown.o(.ARM.Collect$$libshutdown$$00000000) refers (Special) to libshutdown2.o(.ARM.Collect$$libshutdown$$0000000F) for __rt_lib_shutdown_return
    libshutdown.o(.ARM.Collect$$libshutdown$$00000000) refers (Special) to libshutdown2.o(.ARM.Collect$$libshutdown$$00000009) for __rt_lib_shutdown_signal_1
    libshutdown.o(.ARM.Collect$$libshutdown$$00000000) refers (Special) to libshutdown2.o(.ARM.Collect$$libshutdown$$00000003) for __rt_lib_shutdown_stdio_1
    libshutdown.o(.ARM.Collect$$libshutdown$$00000000) refers (Special) to libshutdown2.o(.ARM.Collect$$libshutdown$$0000000B) for __rt_lib_shutdown_user_alloc_1
    sys_command.o(.text) refers (Special) to use_no_semi.o(.text) for __I$use$semihosting
    sys_command.o(.text) refers (Special) to indicate_semi.o(.text) for __semihosting_library_function
    defsig_rtmem_outer.o(.text) refers to defsig_rtmem_inner.o(.text) for __rt_SIGRTMEM_inner
    defsig_rtmem_outer.o(.text) refers to defsig_exit.o(.text) for __sig_exit
    defsig_rtmem_formal.o(.text) refers to rt_raise.o(.text) for __rt_raise
    rt_raise.o(.text) refers to __raise.o(.text) for __raise
    rt_raise.o(.text) refers to sys_exit.o(.text) for _sys_exit
    defsig_exit.o(.text) refers to sys_exit.o(.text) for _sys_exit
    defsig_rtmem_inner.o(.text) refers to defsig_general.o(.text) for __default_signal_display
    __raise.o(.text) refers to defsig.o(CL$$defsig) for __default_signal_handler
    defsig_general.o(.text) refers to sys_wrch.o(.text) for _ttywrch
    sys_wrch.o(.text) refers (Special) to use_no_semi.o(.text) for __I$use$semihosting
    sys_wrch.o(.text) refers (Special) to indicate_semi.o(.text) for __semihosting_library_function
    defsig.o(CL$$defsig) refers to defsig_rtmem_inner.o(.text) for __rt_SIGRTMEM_inner
    defsig_abrt_inner.o(.text) refers to defsig_general.o(.text) for __default_signal_display
    defsig_fpe_inner.o(.text) refers to defsig_general.o(.text) for __default_signal_display
    defsig_rtred_inner.o(.text) refers to defsig_general.o(.text) for __default_signal_display
    defsig_stak_inner.o(.text) refers to defsig_general.o(.text) for __default_signal_display
    defsig_pvfn_inner.o(.text) refers to defsig_general.o(.text) for __default_signal_display
    defsig_cppl_inner.o(.text) refers to defsig_general.o(.text) for __default_signal_display
    defsig_segv_inner.o(.text) refers to defsig_general.o(.text) for __default_signal_display
    defsig_other.o(.text) refers to defsig_general.o(.text) for __default_signal_display


==============================================================================

Image Symbol Table

    Local Symbols

    Symbol Name                              Value     Ov Type        Size  Object(Section)

    RESET                                    0x00000000   Section      660  startup_tm4c123.o(RESET)
    ../clib/angel/boardlib.s                 0x00000000   Number         0  boardinit3.o ABSOLUTE
    ../clib/angel/boardlib.s                 0x00000000   Number         0  boardshut.o ABSOLUTE
    ../clib/angel/boardlib.s                 0x00000000   Number         0  boardinit2.o ABSOLUTE
    ../clib/angel/boardlib.s                 0x00000000   Number         0  boardinit1.o ABSOLUTE
    ../clib/angel/handlers.s                 0x00000000   Number         0  __scatter_zi.o ABSOLUTE
    ../clib/angel/handlers.s                 0x00000000   Number         0  __scatter_copy.o ABSOLUTE
    ../clib/angel/kernel.s                   0x00000000   Number         0  rtexit2.o ABSOLUTE
    ../clib/angel/kernel.s                   0x00000000   Number         0  rtexit.o ABSOLUTE
    ../clib/angel/kernel.s                   0x00000000   Number         0  rtentry4.o ABSOLUTE
    ../clib/angel/kernel.s                   0x00000000   Number         0  rtentry2.o ABSOLUTE
    ../clib/angel/kernel.s                   0x00000000   Number         0  rtentry.o ABSOLUTE
    ../clib/angel/rt.s                       0x00000000   Number         0  rt_raise.o ABSOLUTE
    ../clib/angel/scatter.s                  0x00000000   Number         0  __scatter.o ABSOLUTE
    ../clib/angel/startup.s                  0x00000000   Number         0  __main.o ABSOLUTE
    ../clib/angel/sys.s                      0x00000000   Number         0  libspace.o ABSOLUTE
    ../clib/angel/sys.s                      0x00000000   Number         0  sys_stackheap_outer.o ABSOLUTE
    ../clib/angel/sys.s                      0x00000000   Number         0  use_no_semi.o ABSOLUTE
    ../clib/angel/sys.s                      0x00000000   Number         0  indicate_semi.o ABSOLUTE
    ../clib/angel/sysapp.c                   0x00000000   Number         0  sys_exit.o ABSOLUTE
    ../clib/angel/sysapp.c                   0x00000000   Number         0  sys_command.o ABSOLUTE
    ../clib/angel/sysapp.c                   0x00000000   Number         0  sys_wrch.o ABSOLUTE
    ../clib/armsys.c                         0x00000000   Number         0  argv_veneer.o ABSOLUTE
    ../clib/armsys.c                         0x00000000   Number         0  _get_argv_nomalloc.o ABSOLUTE
    ../clib/armsys.c                         0x00000000   Number         0  no_argv.o ABSOLUTE
    ../clib/armsys.c                         0x00000000   Number         0  argv_veneer.o ABSOLUTE
    ../clib/heapalloc.c                      0x00000000   Number         0  hrguard.o ABSOLUTE
    ../clib/heapaux.c                        0x00000000   Number         0  heapauxi.o ABSOLUTE
    ../clib/libinit.s                        0x00000000   Number         0  libshutdown.o ABSOLUTE
    ../clib/libinit.s                        0x00000000   Number         0  libshutdown2.o ABSOLUTE
    ../clib/libinit.s                        0x00000000   Number         0  libinit.o ABSOLUTE
    ../clib/libinit.s                        0x00000000   Number         0  libinit2.o ABSOLUTE
    ../clib/memcpset.s                       0x00000000   Number         0  strcmpv7m.o ABSOLUTE
    ../clib/memcpset.s                       0x00000000   Number         0  rt_memclr.o ABSOLUTE
    ../clib/memcpset.s                       0x00000000   Number         0  rt_memclr_w.o ABSOLUTE
    ../clib/signal.c                         0x00000000   Number         0  defsig_rtmem_outer.o ABSOLUTE
    ../clib/signal.c                         0x00000000   Number         0  defsig_rtmem_formal.o ABSOLUTE
    ../clib/signal.c                         0x00000000   Number         0  defsig_exit.o ABSOLUTE
    ../clib/signal.c                         0x00000000   Number         0  defsig_rtmem_inner.o ABSOLUTE
    ../clib/signal.c                         0x00000000   Number         0  __raise.o ABSOLUTE
    ../clib/signal.c                         0x00000000   Number         0  defsig_general.o ABSOLUTE
    ../clib/signal.c                         0x00000000   Number         0  defsig_abrt_inner.o ABSOLUTE
    ../clib/signal.c                         0x00000000   Number         0  defsig_pvfn_inner.o ABSOLUTE
    ../clib/signal.c                         0x00000000   Number         0  defsig_rtred_inner.o ABSOLUTE
    ../clib/signal.c                         0x00000000   Number         0  defsig_stak_inner.o ABSOLUTE
    ../clib/signal.c                         0x00000000   Number         0  defsig_cppl_inner.o ABSOLUTE
    ../clib/signal.c                         0x00000000   Number         0  defsig_segv_inner.o ABSOLUTE
    ../clib/signal.c                         0x00000000   Number         0  defsig_other.o ABSOLUTE
    ../clib/signal.c                         0x00000000   Number         0  defsig_fpe_inner.o ABSOLUTE
    ../clib/signal.s                         0x00000000   Number         0  defsig.o ABSOLUTE
    ../clib/stdlib.c                         0x00000000   Number         0  exit.o ABSOLUTE
    ../fplib/fpinit.s                        0x00000000   Number         0  fpinit.o ABSOLUTE
    VoiceControlledCar.c                     0x00000000   Number         0  voicecontrolledcar.o ABSOLUTE
    dc.s                                     0x00000000   Number         0  dc.o ABSOLUTE
    startup_TM4C123.s                        0x00000000   Number         0  startup_tm4c123.o ABSOLUTE
    $v0                                      0x0000026c   Number         0  startup_tm4c123.o(RESET)
    !!!main                                  0x00000294   Section        8  __main.o(!!!main)
    !!!scatter                               0x0000029c   Section       52  __scatter.o(!!!scatter)
    !!handler_copy                           0x000002d0   Section       26  __scatter_copy.o(!!handler_copy)
    !!handler_zi                             0x000002ec   Section       28  __scatter_zi.o(!!handler_zi)
    .ARM.Collect$$libinit$$00000000          0x00000308   Section        2  libinit.o(.ARM.Collect$$libinit$$00000000)
    .ARM.Collect$$libinit$$00000001          0x0000030a   Section        4  libinit2.o(.ARM.Collect$$libinit$$00000001)
    .ARM.Collect$$libinit$$00000008          0x0000030e   Section        0  libinit2.o(.ARM.Collect$$libinit$$00000008)
    .ARM.Collect$$libinit$$0000000A          0x0000030e   Section        0  libinit2.o(.ARM.Collect$$libinit$$0000000A)
    .ARM.Collect$$libinit$$0000000C          0x0000030e   Section        0  libinit2.o(.ARM.Collect$$libinit$$0000000C)
    .ARM.Collect$$libinit$$0000000F          0x0000030e   Section        0  libinit2.o(.ARM.Collect$$libinit$$0000000F)
    .ARM.Collect$$libinit$$00000011          0x0000030e   Section        0  libinit2.o(.ARM.Collect$$libinit$$00000011)
    .ARM.Collect$$libinit$$00000013          0x0000030e   Section        0  libinit2.o(.ARM.Collect$$libinit$$00000013)
    .ARM.Collect$$libinit$$00000015          0x0000030e   Section        0  libinit2.o(.ARM.Collect$$libinit$$00000015)
    .ARM.Collect$$libinit$$00000017          0x0000030e   Section        0  libinit2.o(.ARM.Collect$$libinit$$00000017)
    .ARM.Collect$$libinit$$00000019          0x0000030e   Section        0  libinit2.o(.ARM.Collect$$libinit$$00000019)
    .ARM.Collect$$libinit$$0000001B          0x0000030e   Section        0  libinit2.o(.ARM.Collect$$libinit$$0000001B)
    .ARM.Collect$$libinit$$0000001D          0x0000030e   Section        0  libinit2.o(.ARM.Collect$$libinit$$0000001D)
    .ARM.Collect$$libinit$$0000001F          0x0000030e   Section        0  libinit2.o(.ARM.Collect$$libinit$$0000001F)
    .ARM.Collect$$libinit$$00000021          0x0000030e   Section        0  libinit2.o(.ARM.Collect$$libinit$$00000021)
    .ARM.Collect$$libinit$$00000023          0x0000030e   Section        0  libinit2.o(.ARM.Collect$$libinit$$00000023)
    .ARM.Collect$$libinit$$0000002A          0x0000030e   Section        0  libinit2.o(.ARM.Collect$$libinit$$0000002A)
    .ARM.Collect$$libinit$$0000002C          0x0000030e   Section        0  libinit2.o(.ARM.Collect$$libinit$$0000002C)
    .ARM.Collect$$libinit$$0000002E          0x0000030e   Section        0  libinit2.o(.ARM.Collect$$libinit$$0000002E)
    .ARM.Collect$$libinit$$00000030          0x0000030e   Section        0  libinit2.o(.ARM.Collect$$libinit$$00000030)
    .ARM.Collect$$libinit$$00000031          0x0000030e   Section        2  libinit2.o(.ARM.Collect$$libinit$$00000031)
    .ARM.Collect$$libshutdown$$00000000      0x00000310   Section        2  libshutdown.o(.ARM.Collect$$libshutdown$$00000000)
    .ARM.Collect$$libshutdown$$00000003      0x00000312   Section        0  libshutdown2.o(.ARM.Collect$$libshutdown$$00000003)
    .ARM.Collect$$libshutdown$$00000006      0x00000312   Section        0  libshutdown2.o(.ARM.Collect$$libshutdown$$00000006)
    .ARM.Collect$$libshutdown$$00000009      0x00000312   Section        0  libshutdown2.o(.ARM.Collect$$libshutdown$$00000009)
    .ARM.Collect$$libshutdown$$0000000B      0x00000312   Section        0  libshutdown2.o(.ARM.Collect$$libshutdown$$0000000B)
    .ARM.Collect$$libshutdown$$0000000E      0x00000312   Section        0  libshutdown2.o(.ARM.Collect$$libshutdown$$0000000E)
    .ARM.Collect$$libshutdown$$0000000F      0x00000312   Section        2  libshutdown2.o(.ARM.Collect$$libshutdown$$0000000F)
    .ARM.Collect$$rtentry$$00000000          0x00000314   Section        0  rtentry.o(.ARM.Collect$$rtentry$$00000000)
    .ARM.Collect$$rtentry$$00000002          0x00000314   Section        0  rtentry2.o(.ARM.Collect$$rtentry$$00000002)
    .ARM.Collect$$rtentry$$00000004          0x00000314   Section        6  rtentry4.o(.ARM.Collect$$rtentry$$00000004)
    .ARM.Collect$$rtentry$$00000009          0x0000031a   Section        0  rtentry2.o(.ARM.Collect$$rtentry$$00000009)
    .ARM.Collect$$rtentry$$0000000A          0x0000031a   Section        4  rtentry2.o(.ARM.Collect$$rtentry$$0000000A)
    .ARM.Collect$$rtentry$$0000000C          0x0000031e   Section        0  rtentry2.o(.ARM.Collect$$rtentry$$0000000C)
    .ARM.Collect$$rtentry$$0000000D          0x0000031e   Section        8  rtentry2.o(.ARM.Collect$$rtentry$$0000000D)
    .ARM.Collect$$rtexit$$00000000           0x00000326   Section        2  rtexit.o(.ARM.Collect$$rtexit$$00000000)
    .ARM.Collect$$rtexit$$00000002           0x00000328   Section        0  rtexit2.o(.ARM.Collect$$rtexit$$00000002)
    .ARM.Collect$$rtexit$$00000003           0x00000328   Section        4  rtexit2.o(.ARM.Collect$$rtexit$$00000003)
    .ARM.Collect$$rtexit$$00000004           0x0000032c   Section        6  rtexit2.o(.ARM.Collect$$rtexit$$00000004)
    .text                                    0x00000334   Section       60  startup_tm4c123.o(.text)
    $v0                                      0x00000334   Number         0  startup_tm4c123.o(.text)
    .text                                    0x00000370   Section        0  voicecontrolledcar.o(.text)
    .text                                    0x000009bc   Section       68  rt_memclr.o(.text)
    .text                                    0x00000a00   Section      128  strcmpv7m.o(.text)
    .text                                    0x00000a80   Section        0  heapauxi.o(.text)
    .text                                    0x00000a86   Section       78  rt_memclr_w.o(.text)
    .text                                    0x00000ad4   Section       74  sys_stackheap_outer.o(.text)
    .text                                    0x00000b1e   Section        0  exit.o(.text)
    .text                                    0x00000b2c   Section        8  libspace.o(.text)
    .text                                    0x00000b34   Section        0  sys_exit.o(.text)
    .text                                    0x00000b40   Section        2  use_no_semi.o(.text)
    .text                                    0x00000b42   Section        0  indicate_semi.o(.text)
    x$fpl$fpinit                             0x00000b42   Section       10  fpinit.o(x$fpl$fpinit)
    $v0                                      0x00000b42   Number         0  fpinit.o(x$fpl$fpinit)
    .data                                    0x20000000   Section        8  voicecontrolledcar.o(.data)
    .bss                                     0x20000008   Section      256  voicecontrolledcar.o(.bss)
    .bss                                     0x20000108   Section       96  libspace.o(.bss)
    HEAP                                     0x20000168   Section        0  startup_tm4c123.o(HEAP)
    STACK                                    0x20000168   Section     1024  startup_tm4c123.o(STACK)
    HeapMem                                  0x20000168   Data           0  startup_tm4c123.o(HEAP)
    StackMem                                 0x20000168   Data           0  startup_tm4c123.o(STACK)

    Global Symbols

    Symbol Name                              Value     Ov Type        Size  Object(Section)

    BuildAttributes$$THM_ISAv4$E$P$D$K$B$S$7EM$VFPi3$EXTD16$VFPS$VFMA$PE$A:L22UL41UL21$X:L11$S22US41US21$IEEE1$IW$USESV6$~STKCKD$USESV7$~SHL$OSPACE$ROPI$EBA8$UX$STANDARDLIB$REQ8$PRES8$EABIv2 0x00000000   Number         0  anon$$obj.o ABSOLUTE
    __ARM_use_no_argv                        0x00000000   Number         0  voicecontrolledcar.o ABSOLUTE
    __Vectors                                0x00000000   Data           0  startup_tm4c123.o(RESET)
    __ARM_exceptions_init                     - Undefined Weak Reference
    __alloca_initialize                       - Undefined Weak Reference
    __cpp_initialize__aeabi_                  - Undefined Weak Reference
    __cxa_finalize                            - Undefined Weak Reference
    __rt_locale                               - Undefined Weak Reference
    __sigvec_lookup                           - Undefined Weak Reference
    _atexit_init                              - Undefined Weak Reference
    _call_atexit_fns                          - Undefined Weak Reference
    _clock_init                               - Undefined Weak Reference
    _fp_trap_init                             - Undefined Weak Reference
    _fp_trap_shutdown                         - Undefined Weak Reference
    _get_lc_collate                           - Undefined Weak Reference
    _get_lc_ctype                             - Undefined Weak Reference
    _get_lc_monetary                          - Undefined Weak Reference
    _get_lc_numeric                           - Undefined Weak Reference
    _get_lc_time                              - Undefined Weak Reference
    _getenv_init                              - Undefined Weak Reference
    _handle_redirection                       - Undefined Weak Reference
    _init_alloc                               - Undefined Weak Reference
    _init_user_alloc                          - Undefined Weak Reference
    _initio                                   - Undefined Weak Reference
    _rand_init                                - Undefined Weak Reference
    _signal_finish                            - Undefined Weak Reference
    _signal_init                              - Undefined Weak Reference
    _terminate_alloc                          - Undefined Weak Reference
    _terminate_user_alloc                     - Undefined Weak Reference
    _terminateio                              - Undefined Weak Reference
    Reset_Handler                            0x0000026d   Thumb Code     0  startup_tm4c123.o(RESET)
    NMI_Handler                              0x00000281   Thumb Code     2  startup_tm4c123.o(RESET)
    HardFault_Handler                        0x00000283   Thumb Code     2  startup_tm4c123.o(RESET)
    MemManage_Handler                        0x00000285   Thumb Code     2  startup_tm4c123.o(RESET)
    BusFault_Handler                         0x00000287   Thumb Code     2  startup_tm4c123.o(RESET)
    UsageFault_Handler                       0x00000289   Thumb Code     2  startup_tm4c123.o(RESET)
    SVC_Handler                              0x0000028b   Thumb Code     2  startup_tm4c123.o(RESET)
    DebugMon_Handler                         0x0000028d   Thumb Code     2  startup_tm4c123.o(RESET)
    PendSV_Handler                           0x0000028f   Thumb Code     2  startup_tm4c123.o(RESET)
    SysTick_Handler                          0x00000291   Thumb Code     2  startup_tm4c123.o(RESET)
    ADC0Seq0_Handler                         0x00000293   Thumb Code     0  startup_tm4c123.o(RESET)
    ADC0Seq1_Handler                         0x00000293   Thumb Code     0  startup_tm4c123.o(RESET)
    ADC0Seq2_Handler                         0x00000293   Thumb Code     0  startup_tm4c123.o(RESET)
    ADC0Seq3_Handler                         0x00000293   Thumb Code     0  startup_tm4c123.o(RESET)
    ADC1Seq0_Handler                         0x00000293   Thumb Code     0  startup_tm4c123.o(RESET)
    ADC1Seq1_Handler                         0x00000293   Thumb Code     0  startup_tm4c123.o(RESET)
    ADC1Seq2_Handler                         0x00000293   Thumb Code     0  startup_tm4c123.o(RESET)
    ADC1Seq3_Handler                         0x00000293   Thumb Code     0  startup_tm4c123.o(RESET)
    CAN0_Handler                             0x00000293   Thumb Code     0  startup_tm4c123.o(RESET)
    CAN1_Handler                             0x00000293   Thumb Code     0  startup_tm4c123.o(RESET)
    CAN2_Handler                             0x00000293   Thumb Code     0  startup_tm4c123.o(RESET)
    Comp0_Handler                            0x00000293   Thumb Code     0  startup_tm4c123.o(RESET)
    Comp1_Handler                            0x00000293   Thumb Code     0  startup_tm4c123.o(RESET)
    Comp2_Handler                            0x00000293   Thumb Code     0  startup_tm4c123.o(RESET)
    Ethernet_Handler                         0x00000293   Thumb Code     0  startup_tm4c123.o(RESET)
    ExtBus_Handler                           0x00000293   Thumb Code     0  startup_tm4c123.o(RESET)
    FPU_Handler                              0x00000293   Thumb Code     0  startup_tm4c123.o(RESET)
    Fan0_Handler                             0x00000293   Thumb Code     0  startup_tm4c123.o(RESET)
    FlashCtl_Handler                         0x00000293   Thumb Code     0  startup_tm4c123.o(RESET)
    GPIOPortA_Handler                        0x00000293   Thumb Code     0  startup_tm4c123.o(RESET)
    GPIOPortB_Handler                        0x00000293   Thumb Code     0  startup_tm4c123.o(RESET)
    GPIOPortC_Handler                        0x00000293   Thumb Code     0  startup_tm4c123.o(RESET)
    GPIOPortD_Handler                        0x00000293   Thumb Code     0  startup_tm4c123.o(RESET)
    GPIOPortE_Handler                        0x00000293   Thumb Code     0  startup_tm4c123.o(RESET)
    GPIOPortF_Handler                        0x00000293   Thumb Code     0  startup_tm4c123.o(RESET)
    GPIOPortG_Handler                        0x00000293   Thumb Code     0  startup_tm4c123.o(RESET)
    GPIOPortH_Handler                        0x00000293   Thumb Code     0  startup_tm4c123.o(RESET)
    GPIOPortJ_Handler                        0x00000293   Thumb Code     0  startup_tm4c123.o(RESET)
    GPIOPortK_Handler                        0x00000293   Thumb Code     0  startup_tm4c123.o(RESET)
    GPIOPortL_Handler                        0x00000293   Thumb Code     0  startup_tm4c123.o(RESET)
    GPIOPortM_Handler                        0x00000293   Thumb Code     0  startup_tm4c123.o(RESET)
    GPIOPortN_Handler                        0x00000293   Thumb Code     0  startup_tm4c123.o(RESET)
    GPIOPortP1_Handler                       0x00000293   Thumb Code     0  startup_tm4c123.o(RESET)
    GPIOPortP2_Handler                       0x00000293   Thumb Code     0  startup_tm4c123.o(RESET)
    GPIOPortP3_Handler                       0x00000293   Thumb Code     0  startup_tm4c123.o(RESET)
    GPIOPortP4_Handler                       0x00000293   Thumb Code     0  startup_tm4c123.o(RESET)
    GPIOPortP5_Handler                       0x00000293   Thumb Code     0  startup_tm4c123.o(RESET)
    GPIOPortP6_Handler                       0x00000293   Thumb Code     0  startup_tm4c123.o(RESET)
    GPIOPortP7_Handler                       0x00000293   Thumb Code     0  startup_tm4c123.o(RESET)
    GPIOPortP_Handler                        0x00000293   Thumb Code     0  startup_tm4c123.o(RESET)
    GPIOPortQ1_Handler                       0x00000293   Thumb Code     0  startup_tm4c123.o(RESET)
    GPIOPortQ2_Handler                       0x00000293   Thumb Code     0  startup_tm4c123.o(RESET)
    GPIOPortQ3_Handler                       0x00000293   Thumb Code     0  startup_tm4c123.o(RESET)
    GPIOPortQ4_Handler                       0x00000293   Thumb Code     0  startup_tm4c123.o(RESET)
    GPIOPortQ5_Handler                       0x00000293   Thumb Code     0  startup_tm4c123.o(RESET)
    GPIOPortQ6_Handler                       0x00000293   Thumb Code     0  startup_tm4c123.o(RESET)
    GPIOPortQ7_Handler                       0x00000293   Thumb Code     0  startup_tm4c123.o(RESET)
    GPIOPortQ_Handler                        0x00000293   Thumb Code     0  startup_tm4c123.o(RESET)
    GPIOPortR_Handler                        0x00000293   Thumb Code     0  startup_tm4c123.o(RESET)
    GPIOPortS_Handler                        0x00000293   Thumb Code     0  startup_tm4c123.o(RESET)
    Hibernate_Handler                        0x00000293   Thumb Code     0  startup_tm4c123.o(RESET)
    I2C0_Handler                             0x00000293   Thumb Code     0  startup_tm4c123.o(RESET)
    I2C1_Handler                             0x00000293   Thumb Code     0  startup_tm4c123.o(RESET)
    I2C2_Handler                             0x00000293   Thumb Code     0  startup_tm4c123.o(RESET)
    I2C3_Handler                             0x00000293   Thumb Code     0  startup_tm4c123.o(RESET)
    I2C4_Handler                             0x00000293   Thumb Code     0  startup_tm4c123.o(RESET)
    I2C5_Handler                             0x00000293   Thumb Code     0  startup_tm4c123.o(RESET)
    I2S0_Handler                             0x00000293   Thumb Code     0  startup_tm4c123.o(RESET)
    LPC0_Handler                             0x00000293   Thumb Code     0  startup_tm4c123.o(RESET)
    PECI0_Handler                            0x00000293   Thumb Code     0  startup_tm4c123.o(RESET)
    PWM0Fault_Handler                        0x00000293   Thumb Code     0  startup_tm4c123.o(RESET)
    PWM0Generator0_Handler                   0x00000293   Thumb Code     0  startup_tm4c123.o(RESET)
    PWM0Generator1_Handler                   0x00000293   Thumb Code     0  startup_tm4c123.o(RESET)
    PWM0Generator2_Handler                   0x00000293   Thumb Code     0  startup_tm4c123.o(RESET)
    PWM0Generator3_Handler                   0x00000293   Thumb Code     0  startup_tm4c123.o(RESET)
    PWM1Fault_Handler                        0x00000293   Thumb Code     0  startup_tm4c123.o(RESET)
    PWM1Generator0_Handler                   0x00000293   Thumb Code     0  startup_tm4c123.o(RESET)
    PWM1Generator1_Handler                   0x00000293   Thumb Code     0  startup_tm4c123.o(RESET)
    PWM1Generator2_Handler                   0x00000293   Thumb Code     0  startup_tm4c123.o(RESET)
    PWM1Generator3_Handler                   0x00000293   Thumb Code     0  startup_tm4c123.o(RESET)
    Quadrature0_Handler                      0x00000293   Thumb Code     0  startup_tm4c123.o(RESET)
    Quadrature1_Handler                      0x00000293   Thumb Code     0  startup_tm4c123.o(RESET)
    Quadrature2_Handler                      0x00000293   Thumb Code     0  startup_tm4c123.o(RESET)
    SSI0_Handler                             0x00000293   Thumb Code     0  startup_tm4c123.o(RESET)
    SSI1_Handler                             0x00000293   Thumb Code     0  startup_tm4c123.o(RESET)
    SSI2_Handler                             0x00000293   Thumb Code     0  startup_tm4c123.o(RESET)
    SSI3_Handler                             0x00000293   Thumb Code     0  startup_tm4c123.o(RESET)
    SysCtl_Handler                           0x00000293   Thumb Code     0  startup_tm4c123.o(RESET)
    Timer0A_Handler                          0x00000293   Thumb Code     0  startup_tm4c123.o(RESET)
    Timer0B_Handler                          0x00000293   Thumb Code     0  startup_tm4c123.o(RESET)
    Timer1A_Handler                          0x00000293   Thumb Code     0  startup_tm4c123.o(RESET)
    Timer1B_Handler                          0x00000293   Thumb Code     0  startup_tm4c123.o(RESET)
    Timer2A_Handler                          0x00000293   Thumb Code     0  startup_tm4c123.o(RESET)
    Timer2B_Handler                          0x00000293   Thumb Code     0  startup_tm4c123.o(RESET)
    Timer3A_Handler                          0x00000293   Thumb Code     0  startup_tm4c123.o(RESET)
    Timer3B_Handler                          0x00000293   Thumb Code     0  startup_tm4c123.o(RESET)
    Timer4A_Handler                          0x00000293   Thumb Code     0  startup_tm4c123.o(RESET)
    Timer4B_Handler                          0x00000293   Thumb Code     0  startup_tm4c123.o(RESET)
    Timer5A_Handler                          0x00000293   Thumb Code     0  startup_tm4c123.o(RESET)
    Timer5B_Handler                          0x00000293   Thumb Code     0  startup_tm4c123.o(RESET)
    UART0_Handler                            0x00000293   Thumb Code     0  startup_tm4c123.o(RESET)
    UART1_Handler                            0x00000293   Thumb Code     0  startup_tm4c123.o(RESET)
    UART2_Handler                            0x00000293   Thumb Code     0  startup_tm4c123.o(RESET)
    UART3_Handler                            0x00000293   Thumb Code     0  startup_tm4c123.o(RESET)
    UART4_Handler                            0x00000293   Thumb Code     0  startup_tm4c123.o(RESET)
    UART5_Handler                            0x00000293   Thumb Code     0  startup_tm4c123.o(RESET)
    UART6_Handler                            0x00000293   Thumb Code     0  startup_tm4c123.o(RESET)
    UART7_Handler                            0x00000293   Thumb Code     0  startup_tm4c123.o(RESET)
    USB0_Handler                             0x00000293   Thumb Code     0  startup_tm4c123.o(RESET)
    WDT_Handler                              0x00000293   Thumb Code     0  startup_tm4c123.o(RESET)
    WideTimer0A_Handler                      0x00000293   Thumb Code     0  startup_tm4c123.o(RESET)
    WideTimer0B_Handler                      0x00000293   Thumb Code     0  startup_tm4c123.o(RESET)
    WideTimer1A_Handler                      0x00000293   Thumb Code     0  startup_tm4c123.o(RESET)
    WideTimer1B_Handler                      0x00000293   Thumb Code     0  startup_tm4c123.o(RESET)
    WideTimer2A_Handler                      0x00000293   Thumb Code     0  startup_tm4c123.o(RESET)
    WideTimer2B_Handler                      0x00000293   Thumb Code     0  startup_tm4c123.o(RESET)
    WideTimer3A_Handler                      0x00000293   Thumb Code     0  startup_tm4c123.o(RESET)
    WideTimer3B_Handler                      0x00000293   Thumb Code     0  startup_tm4c123.o(RESET)
    WideTimer4A_Handler                      0x00000293   Thumb Code     0  startup_tm4c123.o(RESET)
    WideTimer4B_Handler                      0x00000293   Thumb Code     0  startup_tm4c123.o(RESET)
    WideTimer5A_Handler                      0x00000293   Thumb Code     0  startup_tm4c123.o(RESET)
    WideTimer5B_Handler                      0x00000293   Thumb Code     0  startup_tm4c123.o(RESET)
    uDMA_Error                               0x00000293   Thumb Code     0  startup_tm4c123.o(RESET)
    uDMA_Handler                             0x00000293   Thumb Code     0  startup_tm4c123.o(RESET)
    __main                                   0x00000295   Thumb Code     8  __main.o(!!!main)
    __scatterload                            0x0000029d   Thumb Code     0  __scatter.o(!!!scatter)
    __scatterload_rt2                        0x0000029d   Thumb Code    44  __scatter.o(!!!scatter)
    __scatterload_rt2_thumb_only             0x0000029d   Thumb Code     0  __scatter.o(!!!scatter)
    __scatterload_null                       0x000002ab   Thumb Code     0  __scatter.o(!!!scatter)
    __scatterload_copy                       0x000002d1   Thumb Code    26  __scatter_copy.o(!!handler_copy)
    __scatterload_zeroinit                   0x000002ed   Thumb Code    28  __scatter_zi.o(!!handler_zi)
    __rt_lib_init                            0x00000309   Thumb Code     0  libinit.o(.ARM.Collect$$libinit$$00000000)
    __rt_lib_init_fp_1                       0x0000030b   Thumb Code     0  libinit2.o(.ARM.Collect$$libinit$$00000001)
    __rt_lib_init_alloca_1                   0x0000030f   Thumb Code     0  libinit2.o(.ARM.Collect$$libinit$$0000002C)
    __rt_lib_init_argv_1                     0x0000030f   Thumb Code     0  libinit2.o(.ARM.Collect$$libinit$$0000002A)
    __rt_lib_init_atexit_1                   0x0000030f   Thumb Code     0  libinit2.o(.ARM.Collect$$libinit$$00000019)
    __rt_lib_init_clock_1                    0x0000030f   Thumb Code     0  libinit2.o(.ARM.Collect$$libinit$$0000001F)
    __rt_lib_init_cpp_1                      0x0000030f   Thumb Code     0  libinit2.o(.ARM.Collect$$libinit$$00000030)
    __rt_lib_init_exceptions_1               0x0000030f   Thumb Code     0  libinit2.o(.ARM.Collect$$libinit$$0000002E)
    __rt_lib_init_fp_trap_1                  0x0000030f   Thumb Code     0  libinit2.o(.ARM.Collect$$libinit$$0000001D)
    __rt_lib_init_getenv_1                   0x0000030f   Thumb Code     0  libinit2.o(.ARM.Collect$$libinit$$00000021)
    __rt_lib_init_heap_1                     0x0000030f   Thumb Code     0  libinit2.o(.ARM.Collect$$libinit$$00000008)
    __rt_lib_init_lc_collate_1               0x0000030f   Thumb Code     0  libinit2.o(.ARM.Collect$$libinit$$0000000F)
    __rt_lib_init_lc_ctype_1                 0x0000030f   Thumb Code     0  libinit2.o(.ARM.Collect$$libinit$$00000011)
    __rt_lib_init_lc_monetary_1              0x0000030f   Thumb Code     0  libinit2.o(.ARM.Collect$$libinit$$00000013)
    __rt_lib_init_lc_numeric_1               0x0000030f   Thumb Code     0  libinit2.o(.ARM.Collect$$libinit$$00000015)
    __rt_lib_init_lc_time_1                  0x0000030f   Thumb Code     0  libinit2.o(.ARM.Collect$$libinit$$00000017)
    __rt_lib_init_rand_1                     0x0000030f   Thumb Code     0  libinit2.o(.ARM.Collect$$libinit$$0000000C)
    __rt_lib_init_return                     0x0000030f   Thumb Code     0  libinit2.o(.ARM.Collect$$libinit$$00000031)
    __rt_lib_init_signal_1                   0x0000030f   Thumb Code     0  libinit2.o(.ARM.Collect$$libinit$$0000001B)
    __rt_lib_init_stdio_1                    0x0000030f   Thumb Code     0  libinit2.o(.ARM.Collect$$libinit$$00000023)
    __rt_lib_init_user_alloc_1               0x0000030f   Thumb Code     0  libinit2.o(.ARM.Collect$$libinit$$0000000A)
    __rt_lib_shutdown                        0x00000311   Thumb Code     0  libshutdown.o(.ARM.Collect$$libshutdown$$00000000)
    __rt_lib_shutdown_fp_trap_1              0x00000313   Thumb Code     0  libshutdown2.o(.ARM.Collect$$libshutdown$$00000006)
    __rt_lib_shutdown_heap_1                 0x00000313   Thumb Code     0  libshutdown2.o(.ARM.Collect$$libshutdown$$0000000E)
    __rt_lib_shutdown_return                 0x00000313   Thumb Code     0  libshutdown2.o(.ARM.Collect$$libshutdown$$0000000F)
    __rt_lib_shutdown_signal_1               0x00000313   Thumb Code     0  libshutdown2.o(.ARM.Collect$$libshutdown$$00000009)
    __rt_lib_shutdown_stdio_1                0x00000313   Thumb Code     0  libshutdown2.o(.ARM.Collect$$libshutdown$$00000003)
    __rt_lib_shutdown_user_alloc_1           0x00000313   Thumb Code     0  libshutdown2.o(.ARM.Collect$$libshutdown$$0000000B)
    __rt_entry                               0x00000315   Thumb Code     0  rtentry.o(.ARM.Collect$$rtentry$$00000000)
    __rt_entry_presh_1                       0x00000315   Thumb Code     0  rtentry2.o(.ARM.Collect$$rtentry$$00000002)
    __rt_entry_sh                            0x00000315   Thumb Code     0  rtentry4.o(.ARM.Collect$$rtentry$$00000004)
    __rt_entry_li                            0x0000031b   Thumb Code     0  rtentry2.o(.ARM.Collect$$rtentry$$0000000A)
    __rt_entry_postsh_1                      0x0000031b   Thumb Code     0  rtentry2.o(.ARM.Collect$$rtentry$$00000009)
    __rt_entry_main                          0x0000031f   Thumb Code     0  rtentry2.o(.ARM.Collect$$rtentry$$0000000D)
    __rt_entry_postli_1                      0x0000031f   Thumb Code     0  rtentry2.o(.ARM.Collect$$rtentry$$0000000C)
    __rt_exit                                0x00000327   Thumb Code     0  rtexit.o(.ARM.Collect$$rtexit$$00000000)
    __rt_exit_ls                             0x00000329   Thumb Code     0  rtexit2.o(.ARM.Collect$$rtexit$$00000003)
    __rt_exit_prels_1                        0x00000329   Thumb Code     0  rtexit2.o(.ARM.Collect$$rtexit$$00000002)
    __rt_exit_exit                           0x0000032d   Thumb Code     0  rtexit2.o(.ARM.Collect$$rtexit$$00000004)
    DisableInterrupts                        0x00000335   Thumb Code     0  startup_tm4c123.o(.text)
    EnableInterrupts                         0x00000339   Thumb Code     0  startup_tm4c123.o(.text)
    EnablePriorityInterrupts                 0x0000033d   Thumb Code     0  startup_tm4c123.o(.text)
    StartCritical                            0x00000347   Thumb Code     0  startup_tm4c123.o(.text)
    EndCritical                              0x0000034f   Thumb Code     0  startup_tm4c123.o(.text)
    WaitForInterrupt                         0x00000355   Thumb Code     0  startup_tm4c123.o(.text)
    __user_initial_stackheap                 0x00000359   Thumb Code     0  startup_tm4c123.o(.text)
    Stop                                     0x00000371   Thumb Code    18  voicecontrolledcar.o(.text)
    Delay_MicroSecond                        0x00000383   Thumb Code    74  voicecontrolledcar.o(.text)
    Duration_Measure                         0x000003cd   Thumb Code   124  voicecontrolledcar.o(.text)
    Update_Distance                          0x00000449   Thumb Code    44  voicecontrolledcar.o(.text)
    Delay                                    0x00000475   Thumb Code    24  voicecontrolledcar.o(.text)
    Forward                                  0x0000048d   Thumb Code    60  voicecontrolledcar.o(.text)
    Right                                    0x000004c9   Thumb Code    58  voicecontrolledcar.o(.text)
    Left                                     0x00000503   Thumb Code    58  voicecontrolledcar.o(.text)
    slow_down                                0x0000053d   Thumb Code    44  voicecontrolledcar.o(.text)
    go_faster                                0x00000569   Thumb Code    42  voicecontrolledcar.o(.text)
    go_fast                                  0x00000593   Thumb Code    44  voicecontrolledcar.o(.text)
    Backward                                 0x000005bf   Thumb Code    42  voicecontrolledcar.o(.text)
    UART_4_Read                              0x000005e9   Thumb Code    70  voicecontrolledcar.o(.text)
    Timer_3_Init                             0x0000062f   Thumb Code    82  voicecontrolledcar.o(.text)
    Timer_2_Init                             0x00000681   Thumb Code    82  voicecontrolledcar.o(.text)
    Timer_0_Init                             0x000006d3   Thumb Code    64  voicecontrolledcar.o(.text)
    TIMERS_Init                              0x00000713   Thumb Code   180  voicecontrolledcar.o(.text)
    Ultrasonic_Sensor_Init                   0x000007c7   Thumb Code   110  voicecontrolledcar.o(.text)
    Bluetooth_Module_Init                    0x00000835   Thumb Code   126  voicecontrolledcar.o(.text)
    main                                     0x000008b3   Thumb Code   152  voicecontrolledcar.o(.text)
    SystemInit                               0x0000094b   Thumb Code     2  voicecontrolledcar.o(.text)
    __aeabi_memclr                           0x000009bd   Thumb Code     0  rt_memclr.o(.text)
    __rt_memclr                              0x000009bd   Thumb Code    68  rt_memclr.o(.text)
    _memset                                  0x000009c1   Thumb Code     0  rt_memclr.o(.text)
    strcmp                                   0x00000a01   Thumb Code   128  strcmpv7m.o(.text)
    __use_two_region_memory                  0x00000a81   Thumb Code     2  heapauxi.o(.text)
    __rt_heap_escrow$2region                 0x00000a83   Thumb Code     2  heapauxi.o(.text)
    __rt_heap_expand$2region                 0x00000a85   Thumb Code     2  heapauxi.o(.text)
    __aeabi_memclr4                          0x00000a87   Thumb Code     0  rt_memclr_w.o(.text)
    __aeabi_memclr8                          0x00000a87   Thumb Code     0  rt_memclr_w.o(.text)
    __rt_memclr_w                            0x00000a87   Thumb Code    78  rt_memclr_w.o(.text)
    _memset_w                                0x00000a8b   Thumb Code     0  rt_memclr_w.o(.text)
    __user_setup_stackheap                   0x00000ad5   Thumb Code    74  sys_stackheap_outer.o(.text)
    exit                                     0x00000b1f   Thumb Code    12  exit.o(.text)
    __user_libspace                          0x00000b2d   Thumb Code     8  libspace.o(.text)
    __user_perproc_libspace                  0x00000b2d   Thumb Code     0  libspace.o(.text)
    __user_perthread_libspace                0x00000b2d   Thumb Code     0  libspace.o(.text)
    _sys_exit                                0x00000b35   Thumb Code     8  sys_exit.o(.text)
    __I$use$semihosting                      0x00000b41   Thumb Code     0  use_no_semi.o(.text)
    __use_no_semihosting_swi                 0x00000b41   Thumb Code     2  use_no_semi.o(.text)
    __semihosting_library_function           0x00000b43   Thumb Code     0  indicate_semi.o(.text)
    _fp_init                                 0x00000b43   Thumb Code    10  fpinit.o(x$fpl$fpinit)
    __fplib_config_fpu_vfp                   0x00000b4b   Thumb Code     0  fpinit.o(x$fpl$fpinit)
    __fplib_config_pureend_doubles           0x00000b4b   Thumb Code     0  fpinit.o(x$fpl$fpinit)
    Region$$Table$$Base                      0x00000b4c   Number         0  anon$$obj.o(Region$$Table)
    Region$$Table$$Limit                     0x00000b6c   Number         0  anon$$obj.o(Region$$Table)
    Distance                                 0x20000000   Data           4  voicecontrolledcar.o(.data)
    time                                     0x20000004   Data           4  voicecontrolledcar.o(.data)
    uart_buffer                              0x20000008   Data         256  voicecontrolledcar.o(.bss)
    __libspace_start                         0x20000108   Data          96  libspace.o(.bss)
    __temporary_stack_top$libspace           0x20000168   Data           0  libspace.o(.bss)



==============================================================================

Memory Map of the image

  Image Entry point : 0x0000026d

  Load Region LR_1 (Base: 0x00000000, Size: 0x00000b74, Max: 0xffffffff, ABSOLUTE)

    Execution Region ER_RO (Base: 0x00000000, Size: 0x00000b6c, Max: 0xffffffff, ABSOLUTE)

    Base Addr    Size         Type   Attr      Idx    E Section Name        Object

    0x00000000   0x00000294   Code   RO            3  * RESET               startup_tm4c123.o
    0x00000294   0x00000008   Code   RO           50  * !!!main             c_w.l(__main.o)
    0x0000029c   0x00000034   Code   RO          206    !!!scatter          c_w.l(__scatter.o)
    0x000002d0   0x0000001a   Code   RO          208    !!handler_copy      c_w.l(__scatter_copy.o)
    0x000002ea   0x00000002   PAD
    0x000002ec   0x0000001c   Code   RO          210    !!handler_zi        c_w.l(__scatter_zi.o)
    0x00000308   0x00000002   Code   RO           79    .ARM.Collect$$libinit$$00000000  c_w.l(libinit.o)
    0x0000030a   0x00000004   Code   RO           85    .ARM.Collect$$libinit$$00000001  c_w.l(libinit2.o)
    0x0000030e   0x00000000   Code   RO           89    .ARM.Collect$$libinit$$00000008  c_w.l(libinit2.o)
    0x0000030e   0x00000000   Code   RO           91    .ARM.Collect$$libinit$$0000000A  c_w.l(libinit2.o)
    0x0000030e   0x00000000   Code   RO           93    .ARM.Collect$$libinit$$0000000C  c_w.l(libinit2.o)
    0x0000030e   0x00000000   Code   RO           96    .ARM.Collect$$libinit$$0000000F  c_w.l(libinit2.o)
    0x0000030e   0x00000000   Code   RO           98    .ARM.Collect$$libinit$$00000011  c_w.l(libinit2.o)
    0x0000030e   0x00000000   Code   RO          100    .ARM.Collect$$libinit$$00000013  c_w.l(libinit2.o)
    0x0000030e   0x00000000   Code   RO          102    .ARM.Collect$$libinit$$00000015  c_w.l(libinit2.o)
    0x0000030e   0x00000000   Code   RO          104    .ARM.Collect$$libinit$$00000017  c_w.l(libinit2.o)
    0x0000030e   0x00000000   Code   RO          106    .ARM.Collect$$libinit$$00000019  c_w.l(libinit2.o)
    0x0000030e   0x00000000   Code   RO          108    .ARM.Collect$$libinit$$0000001B  c_w.l(libinit2.o)
    0x0000030e   0x00000000   Code   RO          110    .ARM.Collect$$libinit$$0000001D  c_w.l(libinit2.o)
    0x0000030e   0x00000000   Code   RO          112    .ARM.Collect$$libinit$$0000001F  c_w.l(libinit2.o)
    0x0000030e   0x00000000   Code   RO          114    .ARM.Collect$$libinit$$00000021  c_w.l(libinit2.o)
    0x0000030e   0x00000000   Code   RO          116    .ARM.Collect$$libinit$$00000023  c_w.l(libinit2.o)
    0x0000030e   0x00000000   Code   RO          120    .ARM.Collect$$libinit$$0000002A  c_w.l(libinit2.o)
    0x0000030e   0x00000000   Code   RO          122    .ARM.Collect$$libinit$$0000002C  c_w.l(libinit2.o)
    0x0000030e   0x00000000   Code   RO          124    .ARM.Collect$$libinit$$0000002E  c_w.l(libinit2.o)
    0x0000030e   0x00000000   Code   RO          126    .ARM.Collect$$libinit$$00000030  c_w.l(libinit2.o)
    0x0000030e   0x00000002   Code   RO          127    .ARM.Collect$$libinit$$00000031  c_w.l(libinit2.o)
    0x00000310   0x00000002   Code   RO          147    .ARM.Collect$$libshutdown$$00000000  c_w.l(libshutdown.o)
    0x00000312   0x00000000   Code   RO          161    .ARM.Collect$$libshutdown$$00000003  c_w.l(libshutdown2.o)
    0x00000312   0x00000000   Code   RO          164    .ARM.Collect$$libshutdown$$00000006  c_w.l(libshutdown2.o)
    0x00000312   0x00000000   Code   RO          167    .ARM.Collect$$libshutdown$$00000009  c_w.l(libshutdown2.o)
    0x00000312   0x00000000   Code   RO          169    .ARM.Collect$$libshutdown$$0000000B  c_w.l(libshutdown2.o)
    0x00000312   0x00000000   Code   RO          172    .ARM.Collect$$libshutdown$$0000000E  c_w.l(libshutdown2.o)
    0x00000312   0x00000002   Code   RO          173    .ARM.Collect$$libshutdown$$0000000F  c_w.l(libshutdown2.o)
    0x00000314   0x00000000   Code   RO           52    .ARM.Collect$$rtentry$$00000000  c_w.l(rtentry.o)
    0x00000314   0x00000000   Code   RO           56    .ARM.Collect$$rtentry$$00000002  c_w.l(rtentry2.o)
    0x00000314   0x00000006   Code   RO           68    .ARM.Collect$$rtentry$$00000004  c_w.l(rtentry4.o)
    0x0000031a   0x00000000   Code   RO           58    .ARM.Collect$$rtentry$$00000009  c_w.l(rtentry2.o)
    0x0000031a   0x00000004   Code   RO           59    .ARM.Collect$$rtentry$$0000000A  c_w.l(rtentry2.o)
    0x0000031e   0x00000000   Code   RO           61    .ARM.Collect$$rtentry$$0000000C  c_w.l(rtentry2.o)
    0x0000031e   0x00000008   Code   RO           62    .ARM.Collect$$rtentry$$0000000D  c_w.l(rtentry2.o)
    0x00000326   0x00000002   Code   RO           83    .ARM.Collect$$rtexit$$00000000  c_w.l(rtexit.o)
    0x00000328   0x00000000   Code   RO          129    .ARM.Collect$$rtexit$$00000002  c_w.l(rtexit2.o)
    0x00000328   0x00000004   Code   RO          130    .ARM.Collect$$rtexit$$00000003  c_w.l(rtexit2.o)
    0x0000032c   0x00000006   Code   RO          131    .ARM.Collect$$rtexit$$00000004  c_w.l(rtexit2.o)
    0x00000332   0x00000002   PAD
    0x00000334   0x0000003c   Code   RO            4    .text               startup_tm4c123.o
    0x00000370   0x0000064c   Code   RO           12    .text               voicecontrolledcar.o
    0x000009bc   0x00000044   Code   RO           44    .text               c_w.l(rt_memclr.o)
    0x00000a00   0x00000080   Code   RO           46    .text               c_w.l(strcmpv7m.o)
    0x00000a80   0x00000006   Code   RO           48    .text               c_w.l(heapauxi.o)
    0x00000a86   0x0000004e   Code   RO           53    .text               c_w.l(rt_memclr_w.o)
    0x00000ad4   0x0000004a   Code   RO           70    .text               c_w.l(sys_stackheap_outer.o)
    0x00000b1e   0x0000000c   Code   RO           72    .text               c_w.l(exit.o)
    0x00000b2a   0x00000002   PAD
    0x00000b2c   0x00000008   Code   RO           80    .text               c_w.l(libspace.o)
    0x00000b34   0x0000000c   Code   RO          139    .text               c_w.l(sys_exit.o)
    0x00000b40   0x00000002   Code   RO          150    .text               c_w.l(use_no_semi.o)
    0x00000b42   0x00000000   Code   RO          152    .text               c_w.l(indicate_semi.o)
    0x00000b42   0x0000000a   Code   RO          137    x$fpl$fpinit        fz_wm.l(fpinit.o)
    0x00000b4c   0x00000020   Data   RO          204    Region$$Table       anon$$obj.o


    Execution Region ER_RW (Base: 0x20000000, Size: 0x00000008, Max: 0xffffffff, ABSOLUTE)

    Base Addr    Size         Type   Attr      Idx    E Section Name        Object

    0x20000000   0x00000008   Data   RW           14    .data               voicecontrolledcar.o


    Execution Region ER_ZI (Base: 0x20000008, Size: 0x00000560, Max: 0xffffffff, ABSOLUTE)

    Base Addr    Size         Type   Attr      Idx    E Section Name        Object

    0x20000008   0x00000100   Zero   RW           13    .bss                voicecontrolledcar.o
    0x20000108   0x00000060   Zero   RW           81    .bss                c_w.l(libspace.o)
    0x20000168   0x00000000   Zero   RW            2    HEAP                startup_tm4c123.o
    0x20000168   0x00000400   Zero   RW            1    STACK               startup_tm4c123.o


==============================================================================

Image component sizes


      Code (inc. data)   RO Data    RW Data    ZI Data      Debug   Object Name

       720        634          0          0       1024        980   startup_tm4c123.o
      1612        194          0          8        256      10996   voicecontrolledcar.o

    ----------------------------------------------------------------------
      2332        828         32          8       1280      11976   Object Totals
         0          0         32          0          0          0   (incl. Generated)
         0          0          0          0          0          0   (incl. Padding)

    ----------------------------------------------------------------------

      Code (inc. data)   RO Data    RW Data    ZI Data      Debug   Library Member Name

         8          0          0          0          0         68   __main.o
        52          8          0          0          0          0   __scatter.o
        26          0          0          0          0          0   __scatter_copy.o
        28          0          0          0          0          0   __scatter_zi.o
        12          0          0          0          0         72   exit.o
         6          0          0          0          0        152   heapauxi.o
         0          0          0          0          0          0   indicate_semi.o
         2          0          0          0          0          0   libinit.o
         6          0          0          0          0          0   libinit2.o
         2          0          0          0          0          0   libshutdown.o
         2          0          0          0          0          0   libshutdown2.o
         8          4          0          0         96         68   libspace.o
        68          0          0          0          0         68   rt_memclr.o
        78          0          0          0          0         80   rt_memclr_w.o
         0          0          0          0          0          0   rtentry.o
        12          0          0          0          0          0   rtentry2.o
         6          0          0          0          0          0   rtentry4.o
         2          0          0          0          0          0   rtexit.o
        10          0          0          0          0          0   rtexit2.o
       128          0          0          0          0         68   strcmpv7m.o
        12          4          0          0          0         68   sys_exit.o
        74          0          0          0          0         80   sys_stackheap_outer.o
         2          0          0          0          0         68   use_no_semi.o
        10          0          0          0          0        116   fpinit.o

    ----------------------------------------------------------------------
       560         16          0          0         96        908   Library Totals
         6          0          0          0          0          0   (incl. Padding)

    ----------------------------------------------------------------------

      Code (inc. data)   RO Data    RW Data    ZI Data      Debug   Library Name

       544         16          0          0         96        792   c_w.l
        10          0          0          0          0        116   fz_wm.l

    ----------------------------------------------------------------------
       560         16          0          0         96        908   Library Totals

    ----------------------------------------------------------------------

==============================================================================


      Code (inc. data)   RO Data    RW Data    ZI Data      Debug   

      2892        844         32          8       1376      12368   Grand Totals
      2892        844         32          8       1376      12368   ELF Image Totals
      2892        844         32          8          0          0   ROM Totals

==============================================================================

    Total RO  Size (Code + RO Data)                 2924 (   2.86kB)
    Total RW  Size (RW Data + ZI Data)              1384 (   1.35kB)
    Total ROM Size (Code + RO Data + RW Data)       2932 (   2.86kB)

==============================================================================

